// Jest Snapshot v1, https://goo.gl/fbAQLP

exports[`Header should renders 1`] = `
<header>
  <div
    className="px-3 py-2 bg-dark text-white"
  >
    <div
      className="container"
    >
      <div
        className="d-flex flex-wrap align-items-center justify-content-center justify-content-lg-start"
      >
        <ul
          className="nav col-12 col-lg-auto my-2 justify-content-center my-md-0 text-small"
        >
          <NavLink
            className="nav-link text-white"
            to="/aircraft"
          >
            Aircraft
          </NavLink>
          <NavLink
            className="nav-link text-white"
            to="/Roles"
          >
            Roles
          </NavLink>
        </ul>
      </div>
    </div>
  </div>
</header>
`;
